// Jest Snapshot v1, https://goo.gl/fbAQLP

exports[`FilterBox Component tests FilterBox Snapshot 1`] = `
<body>
  <div>
    <section
      class="sc-fzoLag Apptz"
    >
      <div
        class="sc-fzoXzr lixDwH"
      />
    </section>
  </div>
</body>
`;
