// Jest Snapshot v1, https://goo.gl/fbAQLP

exports[`User Pagination Component tests render UserPagination Snapshot 1`] = `
<button
  className="sc-AxjAm rteci"
  onClick={[Function]}
>
  <label>
    text
  </label>
</button>
`;
